2025-10-28 17:06:47,997 - distributed.worker.memory - WARNING - Worker is at 80% memory usage. Pausing worker.  Process memory: 24.52 GiB -- Worker memory limit: 30.62 GiB
2025-10-28 17:06:49,106 - distributed.worker.memory - WARNING - Worker is at 73% memory usage. Resuming worker. Process memory: 22.44 GiB -- Worker memory limit: 30.62 GiB
2025-10-28 17:09:00,847 - distributed.worker.memory - WARNING - Worker is at 80% memory usage. Pausing worker.  Process memory: 24.62 GiB -- Worker memory limit: 30.62 GiB
2025-10-28 17:09:01,978 - distributed.worker.memory - WARNING - Worker is at 72% memory usage. Resuming worker. Process memory: 22.08 GiB -- Worker memory limit: 30.62 GiB
2001-11-01
2001-11-0130
Start date =2001-11
month2 is =12
year2 is =2002
End date =2001-12-01
defining importing function
importing coordinate transformation xarray
Separating variables in transformation dataset
importing U and V
Output imported for : 
<xarray.DataArray 'time' (time: 1)> Size: 8B
array([cftime.DatetimeNoLeap(2001, 11, 16, 0, 0, 0, 0, has_year_zero=True)],
      dtype=object)
Coordinates:
  * time     (time) object 8B 2001-11-16 00:00:00
Attributes:
    long_name:      time
    axis:           T
    calendar_type:  NOLEAP
    bounds:         time_bnds
Interpolating u and v to the same q point for rotation
Rotating into along slope velocities
Masking off regions away from the 2 chosen isobaths
defining the coordinate transposition function
defining bins for zonal and meridional distances
Converting the coordinate system to along and cross-isobath
saving data
Finished successful
2025-10-28 17:17:14,275 - distributed.worker - ERROR - Failed to communicate with scheduler during heartbeat.
Traceback (most recent call last):
  File "/g/data/xp65/public/apps/med_conda/envs/analysis3-25.09/lib/python3.11/site-packages/distributed/comm/tcp.py", line 226, in read
    frames_nosplit_nbytes_bin = await stream.read_bytes(fmt_size)
                                ^^^^^^^^^^^^^^^^^^^^^^^^^^^^^^^^^
tornado.iostream.StreamClosedError: Stream is closed

The above exception was the direct cause of the following exception:

Traceback (most recent call last):
  File "/g/data/xp65/public/apps/med_conda/envs/analysis3-25.09/lib/python3.11/site-packages/distributed/worker.py", line 1267, in heartbeat
    response = await retry_operation(
               ^^^^^^^^^^^^^^^^^^^^^^
  File "/g/data/xp65/public/apps/med_conda/envs/analysis3-25.09/lib/python3.11/site-packages/distributed/utils_comm.py", line 416, in retry_operation
    return await retry(
           ^^^^^^^^^^^^
  File "/g/data/xp65/public/apps/med_conda/envs/analysis3-25.09/lib/python3.11/site-packages/distributed/utils_comm.py", line 395, in retry
    return await coro()
           ^^^^^^^^^^^^
  File "/g/data/xp65/public/apps/med_conda/envs/analysis3-25.09/lib/python3.11/site-packages/distributed/core.py", line 1259, in send_recv_from_rpc
    return await send_recv(comm=comm, op=key, **kwargs)
           ^^^^^^^^^^^^^^^^^^^^^^^^^^^^^^^^^^^^^^^^^^^^
  File "/g/data/xp65/public/apps/med_conda/envs/analysis3-25.09/lib/python3.11/site-packages/distributed/core.py", line 1018, in send_recv
    response = await comm.read(deserializers=deserializers)
               ^^^^^^^^^^^^^^^^^^^^^^^^^^^^^^^^^^^^^^^^^^^^
  File "/g/data/xp65/public/apps/med_conda/envs/analysis3-25.09/lib/python3.11/site-packages/distributed/comm/tcp.py", line 237, in read
    convert_stream_closed_error(self, e)
  File "/g/data/xp65/public/apps/med_conda/envs/analysis3-25.09/lib/python3.11/site-packages/distributed/comm/tcp.py", line 137, in convert_stream_closed_error
    raise CommClosedError(f"in {obj}: {exc}") from exc
distributed.comm.core.CommClosedError: in <TCP (closed) ConnectionPool.heartbeat_worker local=tcp://127.0.0.1:36948 remote=tcp://127.0.0.1:43881>: Stream is closed
2025-10-28 17:17:14,276 - distributed.worker - ERROR - Failed to communicate with scheduler during heartbeat.
Traceback (most recent call last):
  File "/g/data/xp65/public/apps/med_conda/envs/analysis3-25.09/lib/python3.11/site-packages/distributed/comm/tcp.py", line 226, in read
    frames_nosplit_nbytes_bin = await stream.read_bytes(fmt_size)
                                ^^^^^^^^^^^^^^^^^^^^^^^^^^^^^^^^^
tornado.iostream.StreamClosedError: Stream is closed

The above exception was the direct cause of the following exception:

Traceback (most recent call last):
  File "/g/data/xp65/public/apps/med_conda/envs/analysis3-25.09/lib/python3.11/site-packages/distributed/worker.py", line 1267, in heartbeat
    response = await retry_operation(
               ^^^^^^^^^^^^^^^^^^^^^^
  File "/g/data/xp65/public/apps/med_conda/envs/analysis3-25.09/lib/python3.11/site-packages/distributed/utils_comm.py", line 416, in retry_operation
    return await retry(
           ^^^^^^^^^^^^
  File "/g/data/xp65/public/apps/med_conda/envs/analysis3-25.09/lib/python3.11/site-packages/distributed/utils_comm.py", line 395, in retry
    return await coro()
           ^^^^^^^^^^^^
  File "/g/data/xp65/public/apps/med_conda/envs/analysis3-25.09/lib/python3.11/site-packages/distributed/core.py", line 1259, in send_recv_from_rpc
    return await send_recv(comm=comm, op=key, **kwargs)
           ^^^^^^^^^^^^^^^^^^^^^^^^^^^^^^^^^^^^^^^^^^^^
  File "/g/data/xp65/public/apps/med_conda/envs/analysis3-25.09/lib/python3.11/site-packages/distributed/core.py", line 1018, in send_recv
    response = await comm.read(deserializers=deserializers)
               ^^^^^^^^^^^^^^^^^^^^^^^^^^^^^^^^^^^^^^^^^^^^
  File "/g/data/xp65/public/apps/med_conda/envs/analysis3-25.09/lib/python3.11/site-packages/distributed/comm/tcp.py", line 237, in read
    convert_stream_closed_error(self, e)
  File "/g/data/xp65/public/apps/med_conda/envs/analysis3-25.09/lib/python3.11/site-packages/distributed/comm/tcp.py", line 137, in convert_stream_closed_error
    raise CommClosedError(f"in {obj}: {exc}") from exc
distributed.comm.core.CommClosedError: in <TCP (closed) ConnectionPool.heartbeat_worker local=tcp://127.0.0.1:36916 remote=tcp://127.0.0.1:43881>: Stream is closed
2025-10-28 17:17:14,286 - distributed.worker - ERROR - Failed to communicate with scheduler during heartbeat.
Traceback (most recent call last):
  File "/g/data/xp65/public/apps/med_conda/envs/analysis3-25.09/lib/python3.11/site-packages/distributed/comm/tcp.py", line 226, in read
    frames_nosplit_nbytes_bin = await stream.read_bytes(fmt_size)
                                ^^^^^^^^^^^^^^^^^^^^^^^^^^^^^^^^^
tornado.iostream.StreamClosedError: Stream is closed

The above exception was the direct cause of the following exception:

Traceback (most recent call last):
  File "/g/data/xp65/public/apps/med_conda/envs/analysis3-25.09/lib/python3.11/site-packages/distributed/worker.py", line 1267, in heartbeat
    response = await retry_operation(
               ^^^^^^^^^^^^^^^^^^^^^^
  File "/g/data/xp65/public/apps/med_conda/envs/analysis3-25.09/lib/python3.11/site-packages/distributed/utils_comm.py", line 416, in retry_operation
    return await retry(
           ^^^^^^^^^^^^
  File "/g/data/xp65/public/apps/med_conda/envs/analysis3-25.09/lib/python3.11/site-packages/distributed/utils_comm.py", line 395, in retry
    return await coro()
           ^^^^^^^^^^^^
  File "/g/data/xp65/public/apps/med_conda/envs/analysis3-25.09/lib/python3.11/site-packages/distributed/core.py", line 1259, in send_recv_from_rpc
    return await send_recv(comm=comm, op=key, **kwargs)
           ^^^^^^^^^^^^^^^^^^^^^^^^^^^^^^^^^^^^^^^^^^^^
  File "/g/data/xp65/public/apps/med_conda/envs/analysis3-25.09/lib/python3.11/site-packages/distributed/core.py", line 1018, in send_recv
    response = await comm.read(deserializers=deserializers)
               ^^^^^^^^^^^^^^^^^^^^^^^^^^^^^^^^^^^^^^^^^^^^
  File "/g/data/xp65/public/apps/med_conda/envs/analysis3-25.09/lib/python3.11/site-packages/distributed/comm/tcp.py", line 237, in read
    convert_stream_closed_error(self, e)
  File "/g/data/xp65/public/apps/med_conda/envs/analysis3-25.09/lib/python3.11/site-packages/distributed/comm/tcp.py", line 137, in convert_stream_closed_error
    raise CommClosedError(f"in {obj}: {exc}") from exc
distributed.comm.core.CommClosedError: in <TCP (closed) ConnectionPool.heartbeat_worker local=tcp://127.0.0.1:36932 remote=tcp://127.0.0.1:43881>: Stream is closed
