2025-10-28 17:10:19,312 - distributed.worker.memory - WARNING - Worker is at 80% memory usage. Pausing worker.  Process memory: 24.60 GiB -- Worker memory limit: 30.62 GiB
2025-10-28 17:10:20,441 - distributed.worker.memory - WARNING - Worker is at 72% memory usage. Resuming worker. Process memory: 22.18 GiB -- Worker memory limit: 30.62 GiB
2025-10-28 17:12:24,922 - distributed.worker.memory - WARNING - Worker is at 80% memory usage. Pausing worker.  Process memory: 24.54 GiB -- Worker memory limit: 30.62 GiB
2025-10-28 17:12:26,104 - distributed.worker.memory - WARNING - Worker is at 72% memory usage. Resuming worker. Process memory: 22.08 GiB -- Worker memory limit: 30.62 GiB
2000-11-01
2000-11-0130
Start date =2000-11
month2 is =12
year2 is =2001
End date =2000-12-01
defining importing function
importing coordinate transformation xarray
Separating variables in transformation dataset
importing U and V
Output imported for : 
<xarray.DataArray 'time' (time: 1)> Size: 8B
array([cftime.DatetimeNoLeap(2000, 11, 16, 0, 0, 0, 0, has_year_zero=True)],
      dtype=object)
Coordinates:
  * time     (time) object 8B 2000-11-16 00:00:00
Attributes:
    long_name:      time
    axis:           T
    calendar_type:  NOLEAP
    bounds:         time_bnds
Interpolating u and v to the same q point for rotation
Rotating into along slope velocities
Masking off regions away from the 2 chosen isobaths
defining the coordinate transposition function
defining bins for zonal and meridional distances
Converting the coordinate system to along and cross-isobath
saving data
Finished successful
