2025-10-28 17:07:08,996 - distributed.worker.memory - WARNING - Worker is at 80% memory usage. Pausing worker.  Process memory: 24.54 GiB -- Worker memory limit: 30.62 GiB
2025-10-28 17:07:10,220 - distributed.worker.memory - WARNING - Worker is at 71% memory usage. Resuming worker. Process memory: 21.93 GiB -- Worker memory limit: 30.62 GiB
2025-10-28 17:09:42,456 - distributed.worker.memory - WARNING - Worker is at 80% memory usage. Pausing worker.  Process memory: 24.52 GiB -- Worker memory limit: 30.62 GiB
2025-10-28 17:09:43,761 - distributed.worker.memory - WARNING - Worker is at 71% memory usage. Resuming worker. Process memory: 21.89 GiB -- Worker memory limit: 30.62 GiB
2001-05-01
2001-05-0131
Start date =2001-05
month2 is =06
year2 is =2002
End date =2001-06-01
defining importing function
importing coordinate transformation xarray
Separating variables in transformation dataset
importing U and V
Output imported for : 
<xarray.DataArray 'time' (time: 1)> Size: 8B
array([cftime.DatetimeNoLeap(2001, 5, 16, 12, 0, 0, 0, has_year_zero=True)],
      dtype=object)
Coordinates:
  * time     (time) object 8B 2001-05-16 12:00:00
Attributes:
    long_name:      time
    axis:           T
    calendar_type:  NOLEAP
    bounds:         time_bnds
Interpolating u and v to the same q point for rotation
Rotating into along slope velocities
Masking off regions away from the 2 chosen isobaths
defining the coordinate transposition function
defining bins for zonal and meridional distances
Converting the coordinate system to along and cross-isobath
saving data
Finished successful
